warning[absurd_comparison]: `i >= 0` is always `true`
  --> tests/lint/absurd_comparison/bad.jai:5:11
   |
 5 |     while i >= 0 {
   |           ^^^^^^
   |
help: `u32` is unsigned and holds nothing below 0; compare with a signed value, or drop the check
   |
 5 ~     while true {
   |
   = note: `absurd_comparison` is `warn` by default

warning[absurd_comparison]: `index < 0` is always `false`
  --> tests/lint/absurd_comparison/bad.jai:13:8
   |
13 |     if index < 0 return false;
   |        ^^^^^^^^^
   |
help: `u64` is unsigned and holds nothing below 0; compare with a signed value, or drop the check
   |
13 ~     if false return false;
   |
   = note: `absurd_comparison` is `warn` by default

warning[absurd_comparison]: `index < 0` is always `false`
  --> tests/lint/absurd_comparison/bad.jai:14:8
   |
14 |     if 0 > index return false;
   |        ^^^^^^^^^
   |
help: `u64` is unsigned and holds nothing below 0; compare with a signed value, or drop the check
   |
14 ~     if false return false;
   |
   = note: `absurd_comparison` is `warn` by default

warning[absurd_comparison]: `small < -128` is always `false`
  --> tests/lint/absurd_comparison/bad.jai:15:8
   |
15 |     if small < -128 return false;
   |        ^^^^^^^^^^^^
   |
help: `s8` holds nothing below -128; compare with a signed value, or drop the check
   |
15 ~     if false return false;
   |
   = note: `absurd_comparison` is `warn` by default

