warning[manual_assign_op]: `total` is updated with `+` spelled out
  --> tests/lint/manual_assign_op/bad.jai:9:5
   |
 9 |     total = total + 5;
   |     ^^^^^^^^^^^^^^^^^
   |
help: write `total += 5`
   |
 9 ~     total += 5;
   |
   = note: `manual_assign_op` is `warn` by default

warning[manual_assign_op]: `s.score` is updated with `*` spelled out
  --> tests/lint/manual_assign_op/bad.jai:11:5
   |
11 |     s.score = s.score * 2;
   |     ^^^^^^^^^^^^^^^^^^^^^
   |
help: write `s.score *= 2`
   |
11 ~     s.score *= 2;
   |
   = note: `manual_assign_op` is `warn` by default

warning[manual_assign_op]: `mask` is updated with `|` spelled out
  --> tests/lint/manual_assign_op/bad.jai:13:5
   |
13 |     mask = 1 | mask;
   |     ^^^^^^^^^^^^^^^
   |
help: write `mask |= 1`
   |
13 ~     mask |= 1;
   |
   = note: `manual_assign_op` is `warn` by default

warning[manual_assign_op]: `f` is updated with `-` spelled out
  --> tests/lint/manual_assign_op/bad.jai:15:5
   |
15 |     f = f - 0.5;
   |     ^^^^^^^^^^^
   |
help: write `f -= 0.5`
   |
15 ~     f -= 0.5;
   |
   = note: `manual_assign_op` is `warn` by default

